Archive member included to satisfy reference by file (symbol)

C:/ST/STM32CubeIDE_1.14.0/STM32CubeIDE/plugins/com.st.stm32cube.ide.mcu.externaltools.gnu-tools-for-stm32.11.3.rel1.win32_1.1.100.202309141235/tools/bin/../lib/gcc/arm-none-eabi/11.3.1/../../../../arm-none-eabi/lib/thumb/v7e-m+fp/hard\libc_nano.a(libc_a-exit.o)
                              C:/ST/STM32CubeIDE_1.14.0/STM32CubeIDE/plugins/com.st.stm32cube.ide.mcu.externaltools.gnu-tools-for-stm32.11.3.rel1.win32_1.1.100.202309141235/tools/bin/../lib/gcc/arm-none-eabi/11.3.1/../../../../arm-none-eabi/lib/thumb/v7e-m+fp/hard/crt0.o (exit)
C:/ST/STM32CubeIDE_1.14.0/STM32CubeIDE/plugins/com.st.stm32cube.ide.mcu.externaltools.gnu-tools-for-stm32.11.3.rel1.win32_1.1.100.202309141235/tools/bin/../lib/gcc/arm-none-eabi/11.3.1/../../../../arm-none-eabi/lib/thumb/v7e-m+fp/hard\libc_nano.a(libc_a-findfp.o)
                              C:/ST/STM32CubeIDE_1.14.0/STM32CubeIDE/plugins/com.st.stm32cube.ide.mcu.externaltools.gnu-tools-for-stm32.11.3.rel1.win32_1.1.100.202309141235/tools/bin/../lib/gcc/arm-none-eabi/11.3.1/../../../../arm-none-eabi/lib/thumb/v7e-m+fp/hard\libc_nano.a(libc_a-exit.o) (__stdio_exit_handler)
C:/ST/STM32CubeIDE_1.14.0/STM32CubeIDE/plugins/com.st.stm32cube.ide.mcu.externaltools.gnu-tools-for-stm32.11.3.rel1.win32_1.1.100.202309141235/tools/bin/../lib/gcc/arm-none-eabi/11.3.1/../../../../arm-none-eabi/lib/thumb/v7e-m+fp/hard\libc_nano.a(libc_a-fwalk.o)
                              C:/ST/STM32CubeIDE_1.14.0/STM32CubeIDE/plugins/com.st.stm32cube.ide.mcu.externaltools.gnu-tools-for-stm32.11.3.rel1.win32_1.1.100.202309141235/tools/bin/../lib/gcc/arm-none-eabi/11.3.1/../../../../arm-none-eabi/lib/thumb/v7e-m+fp/hard\libc_nano.a(libc_a-findfp.o) (_fwalk_sglue)
C:/ST/STM32CubeIDE_1.14.0/STM32CubeIDE/plugins/com.st.stm32cube.ide.mcu.externaltools.gnu-tools-for-stm32.11.3.rel1.win32_1.1.100.202309141235/tools/bin/../lib/gcc/arm-none-eabi/11.3.1/../../../../arm-none-eabi/lib/thumb/v7e-m+fp/hard\libc_nano.a(libc_a-stdio.o)
                              C:/ST/STM32CubeIDE_1.14.0/STM32CubeIDE/plugins/com.st.stm32cube.ide.mcu.externaltools.gnu-tools-for-stm32.11.3.rel1.win32_1.1.100.202309141235/tools/bin/../lib/gcc/arm-none-eabi/11.3.1/../../../../arm-none-eabi/lib/thumb/v7e-m+fp/hard\libc_nano.a(libc_a-findfp.o) (__sread)
C:/ST/STM32CubeIDE_1.14.0/STM32CubeIDE/plugins/com.st.stm32cube.ide.mcu.externaltools.gnu-tools-for-stm32.11.3.rel1.win32_1.1.100.202309141235/tools/bin/../lib/gcc/arm-none-eabi/11.3.1/../../../../arm-none-eabi/lib/thumb/v7e-m+fp/hard\libc_nano.a(libc_a-memset.o)
                              C:/ST/STM32CubeIDE_1.14.0/STM32CubeIDE/plugins/com.st.stm32cube.ide.mcu.externaltools.gnu-tools-for-stm32.11.3.rel1.win32_1.1.100.202309141235/tools/bin/../lib/gcc/arm-none-eabi/11.3.1/../../../../arm-none-eabi/lib/thumb/v7e-m+fp/hard/crt0.o (memset)
C:/ST/STM32CubeIDE_1.14.0/STM32CubeIDE/plugins/com.st.stm32cube.ide.mcu.externaltools.gnu-tools-for-stm32.11.3.rel1.win32_1.1.100.202309141235/tools/bin/../lib/gcc/arm-none-eabi/11.3.1/../../../../arm-none-eabi/lib/thumb/v7e-m+fp/hard\libc_nano.a(libc_a-closer.o)
                              C:/ST/STM32CubeIDE_1.14.0/STM32CubeIDE/plugins/com.st.stm32cube.ide.mcu.externaltools.gnu-tools-for-stm32.11.3.rel1.win32_1.1.100.202309141235/tools/bin/../lib/gcc/arm-none-eabi/11.3.1/../../../../arm-none-eabi/lib/thumb/v7e-m+fp/hard\libc_nano.a(libc_a-stdio.o) (_close_r)
C:/ST/STM32CubeIDE_1.14.0/STM32CubeIDE/plugins/com.st.stm32cube.ide.mcu.externaltools.gnu-tools-for-stm32.11.3.rel1.win32_1.1.100.202309141235/tools/bin/../lib/gcc/arm-none-eabi/11.3.1/../../../../arm-none-eabi/lib/thumb/v7e-m+fp/hard\libc_nano.a(libc_a-reent.o)
                              C:/ST/STM32CubeIDE_1.14.0/STM32CubeIDE/plugins/com.st.stm32cube.ide.mcu.externaltools.gnu-tools-for-stm32.11.3.rel1.win32_1.1.100.202309141235/tools/bin/../lib/gcc/arm-none-eabi/11.3.1/../../../../arm-none-eabi/lib/thumb/v7e-m+fp/hard\libc_nano.a(libc_a-closer.o) (errno)
C:/ST/STM32CubeIDE_1.14.0/STM32CubeIDE/plugins/com.st.stm32cube.ide.mcu.externaltools.gnu-tools-for-stm32.11.3.rel1.win32_1.1.100.202309141235/tools/bin/../lib/gcc/arm-none-eabi/11.3.1/../../../../arm-none-eabi/lib/thumb/v7e-m+fp/hard\libc_nano.a(libc_a-impure.o)
                              C:/ST/STM32CubeIDE_1.14.0/STM32CubeIDE/plugins/com.st.stm32cube.ide.mcu.externaltools.gnu-tools-for-stm32.11.3.rel1.win32_1.1.100.202309141235/tools/bin/../lib/gcc/arm-none-eabi/11.3.1/../../../../arm-none-eabi/lib/thumb/v7e-m+fp/hard\libc_nano.a(libc_a-reent.o) (_impure_ptr)
C:/ST/STM32CubeIDE_1.14.0/STM32CubeIDE/plugins/com.st.stm32cube.ide.mcu.externaltools.gnu-tools-for-stm32.11.3.rel1.win32_1.1.100.202309141235/tools/bin/../lib/gcc/arm-none-eabi/11.3.1/../../../../arm-none-eabi/lib/thumb/v7e-m+fp/hard\libc_nano.a(libc_a-lseekr.o)
[...]
Memory Configuration

Name             Origin             Length             Attributes
RAM              0x0000000020000000 0x0000000000018000 xrw
FLASH            0x0000000008000000 0x0000000000080000 xr
*default*        0x0000000000000000 0xffffffffffffffff

Linker script and memory map

LOAD C:/ST/STM32CubeIDE_1.14.0/STM32CubeIDE/plugins/com.st.stm32cube.ide.mcu.externaltools.gnu-tools-for-stm32.11.3.rel1.win32_1.1.100.202309141235/tools/bin/../lib/gcc/arm-none-eabi/11.3.1/thumb/v7e-m+fp/hard/crti.o
LOAD C:/ST/STM32CubeIDE_1.14.0/STM32CubeIDE/plugins/com.st.stm32cube.ide.mcu.externaltools.gnu-tools-for-stm32.11.3.rel1.win32_1.1.100.202309141235/tools/bin/../lib/gcc/arm-none-eabi/11.3.1/thumb/v7e-m+fp/hard/crtbegin.o
LOAD C:/ST/STM32CubeIDE_1.14.0/STM32CubeIDE/plugins/com.st.stm32cube.ide.mcu.externaltools.gnu-tools-for-stm32.11.3.rel1.win32_1.1.100.202309141235/tools/bin/../lib/gcc/arm-none-eabi/11.3.1/../../../../arm-none-eabi/lib/thumb/v7e-m+fp/hard/crt0.o
LOAD ./Src/gpio.o
LOAD ./Src/main.o
LOAD ./Src/syscalls.o
LOAD ./Src/sysmem.o
LOAD ./Src/uart.o
LOAD ./Startup/startup_stm32f401retx.o
START GROUP
LOAD C:/ST/STM32CubeIDE_1.14.0/STM32CubeIDE/plugins/com.st.stm32cube.ide.mcu.externaltools.gnu-tools-for-stm32.11.3.rel1.win32_1.1.100.202309141235/tools/bin/../lib/gcc/arm-none-eabi/11.3.1/../../../../arm-none-eabi/lib/thumb/v7e-m+fp/hard\libc_nano.a
LOAD C:/ST/STM32CubeIDE_1.14.0/STM32CubeIDE/plugins/com.st.stm32cube.ide.mcu.externaltools.gnu-tools-for-stm32.11.3.rel1.win32_1.1.100.202309141235/tools/bin/../lib/gcc/arm-none-eabi/11.3.1/../../../../arm-none-eabi/lib/thumb/v7e-m+fp/hard\libm.a
END GROUP
START GROUP
LOAD C:/ST/STM32CubeIDE_1.14.0/STM32CubeIDE/plugins/com.st.stm32cube.ide.mcu.externaltools.gnu-tools-for-stm32.11.3.rel1.win32_1.1.100.202309141235/tools/bin/../lib/gcc/arm-none-eabi/11.3.1/thumb/v7e-m+fp/hard\libgcc.a
LOAD C:/ST/STM32CubeIDE_1.14.0/STM32CubeIDE/plugins/com.st.stm32cube.ide.mcu.externaltools.gnu-tools-for-stm32.11.3.rel1.win32_1.1.100.202309141235/tools/bin/../lib/gcc/arm-none-eabi/11.3.1/../../../../arm-none-eabi/lib/thumb/v7e-m+fp/hard\libc_nano.a
END GROUP
START GROUP
LOAD C:/ST/STM32CubeIDE_1.14.0/STM32CubeIDE/plugins/com.st.stm32cube.ide.mcu.externaltools.gnu-tools-for-stm32.11.3.rel1.win32_1.1.100.202309141235/tools/bin/../lib/gcc/arm-none-eabi/11.3.1/thumb/v7e-m+fp/hard\libgcc.a
LOAD C:/ST/STM32CubeIDE_1.14.0/STM32CubeIDE/plugins/com.st.stm32cube.ide.mcu.externaltools.gnu-tools-for-stm32.11.3.rel1.win32_1.1.100.202309141235/tools/bin/../lib/gcc/arm-none-eabi/11.3.1/../../../../arm-none-eabi/lib/thumb/v7e-m+fp/hard\libc_nano.a
LOAD C:/ST/STM32CubeIDE_1.14.0/STM32CubeIDE/plugins/com.st.stm32cube.ide.mcu.externaltools.gnu-tools-for-stm32.11.3.rel1.win32_1.1.100.202309141235/tools/bin/../lib/gcc/arm-none-eabi/11.3.1/../../../../arm-none-eabi/lib/thumb/v7e-m+fp/hard\libnosys.a
END GROUP
START GROUP
LOAD C:/ST/STM32CubeIDE_1.14.0/STM32CubeIDE/plugins/com.st.stm32cube.ide.mcu.externaltools.gnu-tools-for-stm32.11.3.rel1.win32_1.1.100.202309141235/tools/bin/../lib/gcc/arm-none-eabi/11.3.1/thumb/v7e-m+fp/hard\libgcc.a
LOAD C:/ST/STM32CubeIDE_1.14.0/STM32CubeIDE/plugins/com.st.stm32cube.ide.mcu.externaltools.gnu-tools-for-stm32.11.3.rel1.win32_1.1.100.202309141235/tools/bin/../lib/gcc/arm-none-eabi/11.3.1/../../../../arm-none-eabi/lib/thumb/v7e-m+fp/hard\libc_nano.a
LOAD C:/ST/STM32CubeIDE_1.14.0/STM32CubeIDE/plugins/com.st.stm32cube.ide.mcu.externaltools.gnu-tools-for-stm32.11.3.rel1.win32_1.1.100.202309141235/tools/bin/../lib/gcc/arm-none-eabi/11.3.1/../../../../arm-none-eabi/lib/thumb/v7e-m+fp/hard\libnosys.a
END GROUP
LOAD C:/ST/STM32CubeIDE_1.14.0/STM32CubeIDE/plugins/com.st.stm32cube.ide.mcu.externaltools.gnu-tools-for-stm32.11.3.rel1.win32_1.1.100.202309141235/tools/bin/../lib/gcc/arm-none-eabi/11.3.1/thumb/v7e-m+fp/hard/crtend.o
LOAD C:/ST/STM32CubeIDE_1.14.0/STM32CubeIDE/plugins/com.st.stm32cube.ide.mcu.externaltools.gnu-tools-for-stm32.11.3.rel1.win32_1.1.100.202309141235/tools/bin/../lib/gcc/arm-none-eabi/11.3.1/thumb/v7e-m+fp/hard/crtn.o
                0x0000000020018000                _estack = (ORIGIN (RAM) + LENGTH (RAM))
                0x0000000000000200                _Min_Heap_Size = 0x200
                0x0000000000000400                _Min_Stack_Size = 0x400

.isr_vector     0x0000000008000000      0x194
                0x0000000008000000                . = ALIGN (0x4)
 *(.isr_vector)
 .isr_vector    0x0000000008000000      0x194 ./Startup/startup_stm32f401retx.o
                0x0000000008000000                g_pfnVectors
                0x0000000008000194                . = ALIGN (0x4)

.text           0x0000000008000198      0xeb8
                0x0000000008000198                . = ALIGN (0x4)
 *(.text)
 .text          0x0000000008000198       0x40 C:/ST/STM32CubeIDE_1.14.0/STM32CubeIDE/plugins/com.st.stm32cube.ide.mcu.externaltools.gnu-tools-for-stm32.11.3.rel1.win32_1.1.100.202309141235/tools/bin/../lib/gcc/arm-none-eabi/11.3.1/thumb/v7e-m+fp/hard/crtbegin.o
 .text          0x00000000080001d8      0x378 C:/ST/STM32CubeIDE_1.14.0/STM32CubeIDE/plugins/com.st.stm32cube.ide.mcu.externaltools.gnu-tools-for-stm32.11.3.rel1.win32_1.1.100.202309141235/tools/bin/../lib/gcc/arm-none-eabi/11.3.1/thumb/v7e-m+fp/hard\libgcc.a(_arm_addsubdf3.o)
                0x00000000080001d8                __aeabi_drsub
                0x00000000080001e0                __aeabi_dsub
                0x00000000080001e0                __subdf3
                0x00000000080001e4                __aeabi_dadd
                0x00000000080001e4                __adddf3
                0x000000000800045c                __floatunsidf
                0x000000000800045c                __aeabi_ui2d
                0x000000000800047c                __floatsidf
                0x000000000800047c                __aeabi_i2d
                0x00000000080004a0                __aeabi_f2d
                0x00000000080004a0                __extendsfdf2
                0x00000000080004e4                __floatundidf
                0x00000000080004e4                __aeabi_ul2d
                0x00000000080004f4                __floatdidf
                0x00000000080004f4                __aeabi_l2d
 .text          0x0000000008000550      0x424 C:/ST/STM32CubeIDE_1.14.0/STM32CubeIDE/plugins/com.st.stm32cube.ide.mcu.externaltools.gnu-tools-for-stm32.11.3.rel1.win32_1.1.100.202309141235/tools/bin/../lib/gcc/arm-none-eabi/11.3.1/thumb/v7e-m+fp/hard\libgcc.a(_arm_muldivdf3.o)
                0x0000000008000550                __aeabi_dmul
                0x0000000008000550                __muldf3
                0x00000000080007a4                __divdf3
                0x00000000080007a4                __aeabi_ddiv
 .text          0x0000000008000974      0x110 C:/ST/STM32CubeIDE_1.14.0/STM32CubeIDE/plugins/com.st.stm32cube.ide.mcu.externaltools.gnu-tools-for-stm32.11.3.rel1.win32_1.1.100.202309141235/tools/bin/../lib/gcc/arm-none-eabi/11.3.1/thumb/v7e-m+fp/hard\libgcc.a(_arm_cmpdf2.o)
                0x0000000008000974                __gtdf2
                0x0000000008000974                __gedf2
                0x000000000800097c                __ltdf2
                0x000000000800097c                __ledf2
                0x0000000008000984                __nedf2
                0x0000000008000984                __eqdf2
                0x0000000008000984                __cmpdf2
                0x0000000008000a00                __aeabi_cdrcmple
                0x0000000008000a10                __aeabi_cdcmpeq
                0x0000000008000a10                __aeabi_cdcmple
                0x0000000008000a20                __aeabi_dcmpeq
                0x0000000008000a34                __aeabi_dcmplt
                0x0000000008000a48                __aeabi_dcmple
                0x0000000008000a5c                __aeabi_dcmpge
                0x0000000008000a70                __aeabi_dcmpgt
 .text          0x0000000008000a84       0x50 C:/ST/STM32CubeIDE_1.14.0/STM32CubeIDE/plugins/com.st.stm32cube.ide.mcu.externaltools.gnu-tools-for-stm32.11.3.rel1.win32_1.1.100.202309141235/tools/bin/../lib/gcc/arm-none-eabi/11.3.1/thumb/v7e-m+fp/hard\libgcc.a(_arm_fixdfsi.o)
                0x0000000008000a84                __aeabi_d2iz
                0x0000000008000a84                __fixdfsi
 *(.text*)
 .text.gpio_init
                0x0000000008000ad4       0xc8 ./Src/gpio.o
                0x0000000008000ad4                gpio_init
 .text.gpio_set_moder
                0x0000000008000b9c       0x42 ./Src/gpio.o
                0x0000000008000b9c                gpio_set_moder
 .text.gpio_alt_func
                0x0000000008000bde       0x4e ./Src/gpio.o
                0x0000000008000bde                gpio_alt_func
 .text.main     0x0000000008000c2c       0x48 ./Src/main.o
                0x0000000008000c2c                main
 .text.uart_init
                0x0000000008000c74       0x9c ./Src/uart.o
                0x0000000008000c74                uart_init
 .text.uart_enable_clk
                0x0000000008000d10       0x64 ./Src/uart.o
                0x0000000008000d10                uart_enable_clk
 *fill*         0x0000000008000d74        0x4 
 .text.uart_baudrate
                0x0000000008000d78      0x178 ./Src/uart.o
                0x0000000008000d78                uart_baudrate
 .text.uart_cr1_enable
                0x0000000008000ef0       0x50 ./Src/uart.o
                0x0000000008000ef0                uart_cr1_enable
 .text.uart_write
                0x0000000008000f40       0x2c ./Src/uart.o
                0x0000000008000f40                uart_write
 .text.uart_write_string
                0x0000000008000f6c       0x2e ./Src/uart.o
                0x0000000008000f6c                uart_write_string
 *fill*         0x0000000008000f9a        0x2 
 .text.Reset_Handler
                0x0000000008000f9c       0x50 ./Startup/startup_stm32f401retx.o
                0x0000000008000f9c                Reset_Handler
 .text.Default_Handler
                0x0000000008000fec        0x2 ./Startup/startup_stm32f401retx.o
                0x0000000008000fec                EXTI2_IRQHandler
                0x0000000008000fec                DebugMon_Handler
                0x0000000008000fec                SPI4_IRQHandler
                0x0000000008000fec                TIM1_CC_IRQHandler
                0x0000000008000fec                DMA2_Stream5_IRQHandler
                0x0000000008000fec                HardFault_Handler
                0x0000000008000fec                DMA1_Stream5_IRQHandler
                0x0000000008000fec                SysTick_Handler
                0x0000000008000fec                SDIO_IRQHandler
                0x0000000008000fec                TAMP_STAMP_IRQHandler
                0x0000000008000fec                PendSV_Handler
                0x0000000008000fec                NMI_Handler
                0x0000000008000fec                EXTI3_IRQHandler
                0x0000000008000fec                TIM1_UP_TIM10_IRQHandler
                0x0000000008000fec                I2C3_ER_IRQHandler
                0x0000000008000fec                EXTI18_OTG_FS_WKUP_IRQHandler
                0x0000000008000fec                EXTI0_IRQHandler
                0x0000000008000fec                I2C2_EV_IRQHandler
                0x0000000008000fec                DMA1_Stream2_IRQHandler
                0x0000000008000fec                UsageFault_Handler
                0x0000000008000fec                DMA2_Stream2_IRQHandler
                0x0000000008000fec                SPI1_IRQHandler
                0x0000000008000fec                TIM1_BRK_TIM9_IRQHandler
                0x0000000008000fec                DMA2_Stream3_IRQHandler
                0x0000000008000fec                USART6_IRQHandler
                0x0000000008000fec                DMA2_Stream0_IRQHandler
                0x0000000008000fec                TIM4_IRQHandler
                0x0000000008000fec                I2C1_EV_IRQHandler
                0x0000000008000fec                DMA1_Stream6_IRQHandler
                0x0000000008000fec                DMA1_Stream1_IRQHandler
                0x0000000008000fec                TIM3_IRQHandler
                0x0000000008000fec                RCC_IRQHandler
                0x0000000008000fec                Default_Handler
                0x0000000008000fec                EXTI15_10_IRQHandler
                0x0000000008000fec                ADC_IRQHandler
                0x0000000008000fec                DMA1_Stream7_IRQHandler
                0x0000000008000fec                TIM5_IRQHandler
                0x0000000008000fec                DMA2_Stream7_IRQHandler
                0x0000000008000fec                I2C3_EV_IRQHandler
                0x0000000008000fec                EXTI9_5_IRQHandler
                0x0000000008000fec                SPI2_IRQHandler
                0x0000000008000fec                MemManage_Handler
                0x0000000008000fec                DMA1_Stream0_IRQHandler
                0x0000000008000fec                SVC_Handler
                0x0000000008000fec                EXTI4_IRQHandler
                0x0000000008000fec                EXTI22_RTC_WKUP_IRQHandler
                0x0000000008000fec                TIM2_IRQHandler
                0x0000000008000fec                EXTI16_PVD_IRQHandler
                0x0000000008000fec                TIM1_TRG_COM_TIM11_IRQHandler
                0x0000000008000fec                EXTI1_IRQHandler
                0x0000000008000fec                EXTI17_RTC_Alarm_IRQHandler
                0x0000000008000fec                USART2_IRQHandler
                0x0000000008000fec                I2C2_ER_IRQHandler
                0x0000000008000fec                DMA2_Stream1_IRQHandler
                0x0000000008000fec                FLASH_IRQHandler
                0x0000000008000fec                DMA2_Stream4_IRQHandler
                0x0000000008000fec                BusFault_Handler
                0x0000000008000fec                USART1_IRQHandler
                0x0000000008000fec                OTG_FS_IRQHandler
                0x0000000008000fec                SPI3_IRQHandler
                0x0000000008000fec                DMA1_Stream4_IRQHandler
                0x0000000008000fec                I2C1_ER_IRQHandler
                0x0000000008000fec                DMA2_Stream6_IRQHandler
                0x0000000008000fec                DMA1_Stream3_IRQHandler
 *fill*         0x0000000008000fee        0x2 
 .text.__libc_init_array
                0x0000000008000ff0       0x48 C:/ST/STM32CubeIDE_1.14.0/STM32CubeIDE/plugins/com.st.stm32cube.ide.mcu.externaltools.gnu-tools-for-stm32.11.3.rel1.win32_1.1.100.202309141235/tools/bin/../lib/gcc/arm-none-eabi/11.3.1/../../../../arm-none-eabi/lib/thumb/v7e-m+fp/hard\libc_nano.a(libc_a-init.o)
                0x0000000008000ff0                __libc_init_array
 *(.glue_7)
 .glue_7        0x0000000008001038        0x0 linker stubs
 *(.glue_7t)
 .glue_7t       0x0000000008001038        0x0 linker stubs
 *(.eh_frame)
 .eh_frame      0x0000000008001038        0x0 C:/ST/STM32CubeIDE_1.14.0/STM32CubeIDE/plugins/com.st.stm32cube.ide.mcu.externaltools.gnu-tools-for-stm32.11.3.rel1.win32_1.1.100.202309141235/tools/bin/../lib/gcc/arm-none-eabi/11.3.1/thumb/v7e-m+fp/hard/crtbegin.o
 *(.init)
 .init          0x0000000008001038        0x4 C:/ST/STM32CubeIDE_1.14.0/STM32CubeIDE/plugins/com.st.stm32cube.ide.mcu.externaltools.gnu-tools-for-stm32.11.3.rel1.win32_1.1.100.202309141235/tools/bin/../lib/gcc/arm-none-eabi/11.3.1/thumb/v7e-m+fp/hard/crti.o
                0x0000000008001038                _init
 .init          0x000000000800103c        0x8 C:/ST/STM32CubeIDE_1.14.0/STM32CubeIDE/plugins/com.st.stm32cube.ide.mcu.externaltools.gnu-tools-for-stm32.11.3.rel1.win32_1.1.100.202309141235/tools/bin/../lib/gcc/arm-none-eabi/11.3.1/thumb/v7e-m+fp/hard/crtn.o
 *(.fini)
 .fini          0x0000000008001044        0x4 C:/ST/STM32CubeIDE_1.14.0/STM32CubeIDE/plugins/com.st.stm32cube.ide.mcu.externaltools.gnu-tools-for-stm32.11.3.rel1.win32_1.1.100.202309141235/tools/bin/../lib/gcc/arm-none-eabi/11.3.1/thumb/v7e-m+fp/hard/crti.o
                0x0000000008001044                _fini
 .fini          0x0000000008001048        0x8 C:/ST/STM32CubeIDE_1.14.0/STM32CubeIDE/plugins/com.st.stm32cube.ide.mcu.externaltools.gnu-tools-for-stm32.11.3.rel1.win32_1.1.100.202309141235/tools/bin/../lib/gcc/arm-none-eabi/11.3.1/thumb/v7e-m+fp/hard/crtn.o
                0x0000000008001050                . = ALIGN (0x4)
                0x0000000008001050                _etext = .

.vfp11_veneer   0x0000000008001050        0x0
 .vfp11_veneer  0x0000000008001050        0x0 linker stubs

.v4_bx          0x0000000008001050        0x0
 .v4_bx         0x0000000008001050        0x0 linker stubs

.iplt           0x0000000008001050        0x0
 .iplt          0x0000000008001050        0x0 C:/ST/STM32CubeIDE_1.14.0/STM32CubeIDE/plugins/com.st.stm32cube.ide.mcu.externaltools.gnu-tools-for-stm32.11.3.rel1.win32_1.1.100.202309141235/tools/bin/../lib/gcc/arm-none-eabi/11.3.1/thumb/v7e-m+fp/hard/crtbegin.o

.rodata         0x0000000008001050        0x8
                0x0000000008001050                . = ALIGN (0x4)
 *(.rodata)
 .rodata        0x0000000008001050        0x8 ./Src/main.o
 *(.rodata*)
                0x0000000008001058                . = ALIGN (0x4)

.rel.dyn        0x0000000008001058        0x0
 .rel.iplt      0x0000000008001058        0x0 C:/ST/STM32CubeIDE_1.14.0/STM32CubeIDE/plugins/com.st.stm32cube.ide.mcu.externaltools.gnu-tools-for-stm32.11.3.rel1.win32_1.1.100.202309141235/tools/bin/../lib/gcc/arm-none-eabi/11.3.1/thumb/v7e-m+fp/hard/crtbegin.o

.ARM.extab      0x0000000008001058        0x0
                0x0000000008001058                . = ALIGN (0x4)
 *(.ARM.extab* .gnu.linkonce.armextab.*)
                0x0000000008001058                . = ALIGN (0x4)

.ARM            0x0000000008001058        0x0
                0x0000000008001058                . = ALIGN (0x4)
                0x0000000008001058                __exidx_start = .
 *(.ARM.exidx*)
                0x0000000008001058                __exidx_end = .
                0x0000000008001058                . = ALIGN (0x4)

.preinit_array  0x0000000008001058        0x0
                0x0000000008001058                . = ALIGN (0x4)
                0x0000000008001058                PROVIDE (__preinit_array_start = .)
 *(.preinit_array*)
                0x0000000008001058                PROVIDE (__preinit_array_end = .)
                0x0000000008001058                . = ALIGN (0x4)

.init_array     0x0000000008001058        0x4
                0x0000000008001058                . = ALIGN (0x4)
                0x0000000008001058                PROVIDE (__init_array_start = .)
 *(SORT_BY_NAME(.init_array.*))
 *(.init_array*)
 .init_array    0x0000000008001058        0x4 C:/ST/STM32CubeIDE_1.14.0/STM32CubeIDE/plugins/com.st.stm32cube.ide.mcu.externaltools.gnu-tools-for-stm32.11.3.rel1.win32_1.1.100.202309141235/tools/bin/../lib/gcc/arm-none-eabi/11.3.1/thumb/v7e-m+fp/hard/crtbegin.o
                0x000000000800105c                PROVIDE (__init_array_end = .)
                0x000000000800105c                . = ALIGN (0x4)

.fini_array     0x000000000800105c        0x4
                0x000000000800105c                . = ALIGN (0x4)
                [!provide]                        PROVIDE (__fini_array_start = .)
 *(SORT_BY_NAME(.fini_array.*))
 *(.fini_array*)
 .fini_array    0x000000000800105c        0x4 C:/ST/STM32CubeIDE_1.14.0/STM32CubeIDE/plugins/com.st.stm32cube.ide.mcu.externaltools.gnu-tools-for-stm32.11.3.rel1.win32_1.1.100.202309141235/tools/bin/../lib/gcc/arm-none-eabi/11.3.1/thumb/v7e-m+fp/hard/crtbegin.o
                [!provide]                        PROVIDE (__fini_array_end = .)
                0x0000000008001060                . = ALIGN (0x4)
                0x0000000008001060                _sidata = LOADADDR (.data)

.data           0x0000000020000000        0x0 load address 0x0000000008001060
                0x0000000020000000                . = ALIGN (0x4)
                0x0000000020000000                _sdata = .
 *(.data)
 *(.data*)
 *(.RamFunc)
 *(.RamFunc*)
                0x0000000020000000                . = ALIGN (0x4)
                0x0000000020000000                _edata = .

.igot.plt       0x0000000020000000        0x0 load address 0x0000000008001060
 .igot.plt      0x0000000020000000        0x0 C:/ST/STM32CubeIDE_1.14.0/STM32CubeIDE/plugins/com.st.stm32cube.ide.mcu.externaltools.gnu-tools-for-stm32.11.3.rel1.win32_1.1.100.202309141235/tools/bin/../lib/gcc/arm-none-eabi/11.3.1/thumb/v7e-m+fp/hard/crtbegin.o
                0x0000000020000000                . = ALIGN (0x4)

.bss            0x0000000020000000       0x28 load address 0x0000000008001060
                0x0000000020000000                _sbss = .
                0x0000000020000000                __bss_start__ = _sbss
 *(.bss)
 .bss           0x0000000020000000       0x1c C:/ST/STM32CubeIDE_1.14.0/STM32CubeIDE/plugins/com.st.stm32cube.ide.mcu.externaltools.gnu-tools-for-stm32.11.3.rel1.win32_1.1.100.202309141235/tools/bin/../lib/gcc/arm-none-eabi/11.3.1/thumb/v7e-m+fp/hard/crtbegin.o
 *(.bss*)
 .bss.UART2     0x000000002000001c        0xc ./Src/main.o
                0x000000002000001c                UART2
 *(COMMON)
                0x0000000020000028                . = ALIGN (0x4)
                0x0000000020000028                _ebss = .
                0x0000000020000028                __bss_end__ = _ebss

._user_heap_stack
                0x0000000020000028      0x600 load address 0x0000000008001060
                0x0000000020000028                . = ALIGN (0x8)
                [!provide]                        PROVIDE (end = .)
                0x0000000020000028                PROVIDE (_end = .)
                0x0000000020000228                . = (. + _Min_Heap_Size)
 *fill*         0x0000000020000028      0x200 
                0x0000000020000628                . = (. + _Min_Stack_Size)
 *fill*         0x0000000020000228      0x400 
                0x0000000020000628                . = ALIGN (0x8)

/DISCARD/
 libc.a(*)
 libm.a(*)
 libgcc.a(*)

.ARM.attributes
                0x0000000000000000       0x30
 *(.ARM.attributes)
 .ARM.attributes
                0x0000000000000000       0x1e C:/ST/STM32CubeIDE_1.14.0/STM32CubeIDE/plugins/com.st.stm32cube.ide.mcu.externaltools.gnu-tools-for-stm32.11.3.rel1.win32_1.1.100.202309141235/tools/bin/../lib/gcc/arm-none-eabi/11.3.1/thumb/v7e-m+fp/hard/crti.o
 .ARM.attributes
                0x000000000000001e       0x34 C:/ST/STM32CubeIDE_1.14.0/STM32CubeIDE/plugins/com.st.stm32cube.ide.mcu.externaltools.gnu-tools-for-stm32.11.3.rel1.win32_1.1.100.202309141235/tools/bin/../lib/gcc/arm-none-eabi/11.3.1/thumb/v7e-m+fp/hard/crtbegin.o
 .ARM.attributes
                0x0000000000000052       0x34 ./Src/gpio.o
 .ARM.attributes
                0x0000000000000086       0x34 ./Src/main.o
 .ARM.attributes
                0x00000000000000ba       0x34 ./Src/uart.o
 .ARM.attributes
                0x00000000000000ee       0x21 ./Startup/startup_stm32f401retx.o
 .ARM.attributes
                0x000000000000010f       0x34 C:/ST/STM32CubeIDE_1.14.0/STM32CubeIDE/plugins/com.st.stm32cube.ide.mcu.externaltools.gnu-tools-for-stm32.11.3.rel1.win32_1.1.100.202309141235/tools/bin/../lib/gcc/arm-none-eabi/11.3.1/../../../../arm-none-eabi/lib/thumb/v7e-m+fp/hard\libc_nano.a(libc_a-init.o)
 .ARM.attributes
                0x0000000000000143       0x1e C:/ST/STM32CubeIDE_1.14.0/STM32CubeIDE/plugins/com.st.stm32cube.ide.mcu.externaltools.gnu-tools-for-stm32.11.3.rel1.win32_1.1.100.202309141235/tools/bin/../lib/gcc/arm-none-eabi/11.3.1/thumb/v7e-m+fp/hard\libgcc.a(_arm_addsubdf3.o)
 .ARM.attributes
                0x0000000000000161       0x1e C:/ST/STM32CubeIDE_1.14.0/STM32CubeIDE/plugins/com.st.stm32cube.ide.mcu.externaltools.gnu-tools-for-stm32.11.3.rel1.win32_1.1.100.202309141235/tools/bin/../lib/gcc/arm-none-eabi/11.3.1/thumb/v7e-m+fp/hard\libgcc.a(_arm_muldivdf3.o)
 .ARM.attributes
                0x000000000000017f       0x1e C:/ST/STM32CubeIDE_1.14.0/STM32CubeIDE/plugins/com.st.stm32cube.ide.mcu.externaltools.gnu-tools-for-stm32.11.3.rel1.win32_1.1.100.202309141235/tools/bin/../lib/gcc/arm-none-eabi/11.3.1/thumb/v7e-m+fp/hard\libgcc.a(_arm_cmpdf2.o)
 .ARM.attributes
                0x000000000000019d       0x1e C:/ST/STM32CubeIDE_1.14.0/STM32CubeIDE/plugins/com.st.stm32cube.ide.mcu.externaltools.gnu-tools-for-stm32.11.3.rel1.win32_1.1.100.202309141235/tools/bin/../lib/gcc/arm-none-eabi/11.3.1/thumb/v7e-m+fp/hard\libgcc.a(_arm_fixdfsi.o)
 .ARM.attributes
                0x00000000000001bb       0x1e C:/ST/STM32CubeIDE_1.14.0/STM32CubeIDE/plugins/com.st.stm32cube.ide.mcu.externaltools.gnu-tools-for-stm32.11.3.rel1.win32_1.1.100.202309141235/tools/bin/../lib/gcc/arm-none-eabi/11.3.1/thumb/v7e-m+fp/hard/crtn.o
OUTPUT(STM32F401RE_UART_LIB.elf elf32-littlearm)
LOAD linker stubs
LOAD C:/ST/STM32CubeIDE_1.14.0/STM32CubeIDE/plugins/com.st.stm32cube.ide.mcu.externaltools.gnu-tools-for-stm32.11.3.rel1.win32_1.1.100.202309141235/tools/bin/../lib/gcc/arm-none-eabi/11.3.1/../../../../arm-none-eabi/lib/thumb/v7e-m+fp/hard\libc.a
LOAD C:/ST/STM32CubeIDE_1.14.0/STM32CubeIDE/plugins/com.st.stm32cube.ide.mcu.externaltools.gnu-tools-for-stm32.11.3.rel1.win32_1.1.100.202309141235/tools/bin/../lib/gcc/arm-none-eabi/11.3.1/../../../../arm-none-eabi/lib/thumb/v7e-m+fp/hard\libm.a
LOAD C:/ST/STM32CubeIDE_1.14.0/STM32CubeIDE/plugins/com.st.stm32cube.ide.mcu.externaltools.gnu-tools-for-stm32.11.3.rel1.win32_1.1.100.202309141235/tools/bin/../lib/gcc/arm-none-eabi/11.3.1/thumb/v7e-m+fp/hard\libgcc.a

.comment        0x0000000000000000       0x43
 .comment       0x0000000000000000       0x43 C:/ST/STM32CubeIDE_1.14.0/STM32CubeIDE/plugins/com.st.stm32cube.ide.mcu.externaltools.gnu-tools-for-stm32.11.3.rel1.win32_1.1.100.202309141235/tools/bin/../lib/gcc/arm-none-eabi/11.3.1/thumb/v7e-m+fp/hard/crtbegin.o
                                         0x44 (size before relaxing)
 .comment       0x0000000000000043       0x44 ./Src/gpio.o
 .comment       0x0000000000000043       0x44 ./Src/main.o
 .comment       0x0000000000000043       0x44 ./Src/uart.o

.debug_info     0x0000000000000000      0xfee
 .debug_info    0x0000000000000000      0x5c2 ./Src/gpio.o
 .debug_info    0x00000000000005c2      0x2ba ./Src/main.o
 .debug_info    0x000000000000087c      0x74f ./Src/uart.o
 .debug_info    0x0000000000000fcb       0x23 ./Startup/startup_stm32f401retx.o

.debug_abbrev   0x0000000000000000      0x497
 .debug_abbrev  0x0000000000000000      0x15d ./Src/gpio.o
 .debug_abbrev  0x000000000000015d      0x150 ./Src/main.o
 .debug_abbrev  0x00000000000002ad      0x1d8 ./Src/uart.o
 .debug_abbrev  0x0000000000000485       0x12 ./Startup/startup_stm32f401retx.o

.debug_aranges  0x0000000000000000       0xe8
 .debug_aranges
                0x0000000000000000       0x50 ./Src/gpio.o
 .debug_aranges
                0x0000000000000050       0x20 ./Src/main.o
 .debug_aranges
                0x0000000000000070       0x50 ./Src/uart.o
 .debug_aranges
                0x00000000000000c0       0x28 ./Startup/startup_stm32f401retx.o

.debug_rnglists
                0x0000000000000000       0x9d
 .debug_rnglists
                0x0000000000000000       0x38 ./Src/gpio.o
 .debug_rnglists
                0x0000000000000038       0x13 ./Src/main.o
 .debug_rnglists
                0x000000000000004b       0x39 ./Src/uart.o
 .debug_rnglists
                0x0000000000000084       0x19 ./Startup/startup_stm32f401retx.o

.debug_macro    0x0000000000000000     0xeb6c
 .debug_macro   0x0000000000000000       0xce ./Src/gpio.o
 .debug_macro   0x00000000000000ce      0xab4 ./Src/gpio.o
 .debug_macro   0x0000000000000b82       0x28 ./Src/gpio.o
 .debug_macro   0x0000000000000baa       0x22 ./Src/gpio.o
 .debug_macro   0x0000000000000bcc       0x8e ./Src/gpio.o
 .debug_macro   0x0000000000000c5a       0x51 ./Src/gpio.o
 .debug_macro   0x0000000000000cab      0x103 ./Src/gpio.o
 .debug_macro   0x0000000000000dae       0x6a ./Src/gpio.o
 .debug_macro   0x0000000000000e18      0x1df ./Src/gpio.o
 .debug_macro   0x0000000000000ff7       0x1c ./Src/gpio.o
 .debug_macro   0x0000000000001013       0x22 ./Src/gpio.o
 .debug_macro   0x0000000000001035       0xfb ./Src/gpio.o
 .debug_macro   0x0000000000001130     0x1011 ./Src/gpio.o
 .debug_macro   0x0000000000002141      0x11f ./Src/gpio.o
 .debug_macro   0x0000000000002260     0xb86c ./Src/gpio.o
 .debug_macro   0x000000000000dacc       0x3a ./Src/gpio.o
 .debug_macro   0x000000000000db06      0x1cd ./Src/main.o
 .debug_macro   0x000000000000dcd3       0x28 ./Src/main.o
 .debug_macro   0x000000000000dcfb       0x6d ./Src/main.o
 .debug_macro   0x000000000000dd68       0x34 ./Src/main.o
 .debug_macro   0x000000000000dd9c       0x61 ./Src/main.o
 .debug_macro   0x000000000000ddfd       0x2a ./Src/main.o
 .debug_macro   0x000000000000de27       0x43 ./Src/main.o
 .debug_macro   0x000000000000de6a       0x34 ./Src/main.o
 .debug_macro   0x000000000000de9e       0x16 ./Src/main.o
 .debug_macro   0x000000000000deb4       0x97 ./Src/main.o
 .debug_macro   0x000000000000df4b      0x369 ./Src/main.o
 .debug_macro   0x000000000000e2b4       0xfd ./Src/main.o
 .debug_macro   0x000000000000e3b1       0x10 ./Src/main.o
 .debug_macro   0x000000000000e3c1       0x16 ./Src/main.o
 .debug_macro   0x000000000000e3d7       0x43 ./Src/main.o
 .debug_macro   0x000000000000e41a       0x34 ./Src/main.o
 .debug_macro   0x000000000000e44e       0x10 ./Src/main.o
 .debug_macro   0x000000000000e45e       0x58 ./Src/main.o
 .debug_macro   0x000000000000e4b6       0x8e ./Src/main.o
 .debug_macro   0x000000000000e544       0x1c ./Src/main.o
 .debug_macro   0x000000000000e560      0x177 ./Src/main.o
 .debug_macro   0x000000000000e6d7       0x16 ./Src/main.o
 .debug_macro   0x000000000000e6ed       0x16 ./Src/main.o
 .debug_macro   0x000000000000e703      0x147 ./Src/main.o
 .debug_macro   0x000000000000e84a      0x187 ./Src/uart.o
 .debug_macro   0x000000000000e9d1      0x19b ./Src/uart.o

.debug_line     0x0000000000000000     0x1698
 .debug_line    0x0000000000000000      0x6c0 ./Src/gpio.o
 .debug_line    0x00000000000006c0      0x6f1 ./Src/main.o
 .debug_line    0x0000000000000db1      0x86c ./Src/uart.o
 .debug_line    0x000000000000161d       0x7b ./Startup/startup_stm32f401retx.o

.debug_str      0x0000000000000000    0x53fc8
 .debug_str     0x0000000000000000    0x4f3b7 ./Src/gpio.o
                                      0x4f547 (size before relaxing)
 .debug_str     0x000000000004f3b7     0x42ee ./Src/main.o
                                      0x534c5 (size before relaxing)
 .debug_str     0x00000000000536a5      0x894 ./Src/uart.o
                                      0x5332d (size before relaxing)
 .debug_str     0x0000000000053f39       0x8f ./Startup/startup_stm32f401retx.o

.debug_frame    0x0000000000000000      0x484
 .debug_frame   0x0000000000000000      0x124 ./Src/gpio.o
 .debug_frame   0x0000000000000124       0x2c ./Src/main.o
 .debug_frame   0x0000000000000150      0x124 ./Src/uart.o
 .debug_frame   0x0000000000000274       0x2c C:/ST/STM32CubeIDE_1.14.0/STM32CubeIDE/plugins/com.st.stm32cube.ide.mcu.externaltools.gnu-tools-for-stm32.11.3.rel1.win32_1.1.100.202309141235/tools/bin/../lib/gcc/arm-none-eabi/11.3.1/../../../../arm-none-eabi/lib/thumb/v7e-m+fp/hard\libc_nano.a(libc_a-init.o)
 .debug_frame   0x00000000000002a0       0xac C:/ST/STM32CubeIDE_1.14.0/STM32CubeIDE/plugins/com.st.stm32cube.ide.mcu.externaltools.gnu-tools-for-stm32.11.3.rel1.win32_1.1.100.202309141235/tools/bin/../lib/gcc/arm-none-eabi/11.3.1/thumb/v7e-m+fp/hard\libgcc.a(_arm_addsubdf3.o)
 .debug_frame   0x000000000000034c       0x50 C:/ST/STM32CubeIDE_1.14.0/STM32CubeIDE/plugins/com.st.stm32cube.ide.mcu.externaltools.gnu-tools-for-stm32.11.3.rel1.win32_1.1.100.202309141235/tools/bin/../lib/gcc/arm-none-eabi/11.3.1/thumb/v7e-m+fp/hard\libgcc.a(_arm_muldivdf3.o)
 .debug_frame   0x000000000000039c       0xc4 C:/ST/STM32CubeIDE_1.14.0/STM32CubeIDE/plugins/com.st.stm32cube.ide.mcu.externaltools.gnu-tools-for-stm32.11.3.rel1.win32_1.1.100.202309141235/tools/bin/../lib/gcc/arm-none-eabi/11.3.1/thumb/v7e-m+fp/hard\libgcc.a(_arm_cmpdf2.o)
 .debug_frame   0x0000000000000460       0x24 C:/ST/STM32CubeIDE_1.14.0/STM32CubeIDE/plugins/com.st.stm32cube.ide.mcu.externaltools.gnu-tools-for-stm32.11.3.rel1.win32_1.1.100.202309141235/tools/bin/../lib/gcc/arm-none-eabi/11.3.1/thumb/v7e-m+fp/hard\libgcc.a(_arm_fixdfsi.o)

.debug_line_str
                0x0000000000000000       0x83
 .debug_line_str
                0x0000000000000000       0x83 ./Startup/startup_stm32f401retx.o
                                         0x9b (size before relaxing)
